[    0.000000] Linux version 4.15.0-124-generic (buildd@lgw01-amd64-029) (gcc version 7.5.0 (Ubuntu 7.5.0-3ubuntu1~18.04)) #127-Ubuntu SMP Fri Nov 6 10:54:43 UTC 2020 (Ubuntu 4.15.0-124.127-generic 4.15.18)
[    0.000000] Command line: BOOT_IMAGE=/boot/vmlinuz-4.15.0-124-generic root=LABEL=cloudimg-rootfs ro console=tty1 console=ttyS0
[    0.000000] KERNEL supported cpus:
[    0.000000]   Intel GenuineIntel
[    0.000000]   AMD AuthenticAMD
[    0.000000]   Centaur CentaurHauls
[    0.000000] x86/fpu: Supporting XSAVE feature 0x001: 'x87 floating point registers'
[    0.000000] x86/fpu: Supporting XSAVE feature 0x002: 'SSE registers'
[    0.000000] x86/fpu: Supporting XSAVE feature 0x004: 'AVX registers'
[    0.000000] x86/fpu: xstate_offset[2]:  576, xstate_sizes[2]:  256
[    0.000000] x86/fpu: Enabled xstate features 0x7, context size is 832 bytes, using 'standard' format.
[    0.000000] e820: BIOS-provided physical RAM map:
[    0.000000] BIOS-e820: [mem 0x0000000000000000-0x000000000009fbff] usable
[    0.000000] BIOS-e820: [mem 0x000000000009fc00-0x000000000009ffff] reserved
[    0.000000] BIOS-e820: [mem 0x00000000000f0000-0x00000000000fffff] reserved
[    0.000000] BIOS-e820: [mem 0x0000000000100000-0x000000003ffeffff] usable
[    0.000000] BIOS-e820: [mem 0x000000003fff0000-0x000000003fffffff] ACPI data
[    0.000000] BIOS-e820: [mem 0x00000000fec00000-0x00000000fec00fff] reserved
[    0.000000] BIOS-e820: [mem 0x00000000fee00000-0x00000000fee00fff] reserved
[    0.000000] BIOS-e820: [mem 0x00000000fffc0000-0x00000000ffffffff] reserved
[    0.000000] NX (Execute Disable) protection: active
[    0.000000] SMBIOS 2.5 present.
[    0.000000] DMI: innotek GmbH VirtualBox/VirtualBox, BIOS VirtualBox 12/01/2006
[    0.000000] Hypervisor detected: KVM
[    0.000000] e820: last_pfn = 0x3fff0 max_arch_pfn = 0x400000000
[    0.000000] MTRR: Disabled
[    0.000000] x86/PAT: MTRRs disabled, skipping PAT initialization too.
[    0.000000] CPU MTRRs all blank - virtualized system.
[    0.000000] x86/PAT: Configuration [0-7]: WB  WT  UC- UC  WB  WT  UC- UC  
[    0.000000] found SMP MP-table at [mem 0x0009fff0-0x0009ffff]
[    0.000000] Scanning 1 areas for low memory corruption
[    0.000000] RAMDISK: [mem 0x35a67000-0x36d2afff]
[    0.000000] ACPI: Early table checksum verification disabled
[    0.000000] ACPI: RSDP 0x00000000000E0000 000024 (v02 VBOX  )
[    0.000000] ACPI: XSDT 0x000000003FFF0030 00003C (v01 VBOX   VBOXXSDT 00000001 ASL  00000061)
[    0.000000] ACPI: FACP 0x000000003FFF00F0 0000F4 (v04 VBOX   VBOXFACP 00000001 ASL  00000061)
[    0.000000] ACPI: DSDT 0x000000003FFF0470 002325 (v02 VBOX   VBOXBIOS 00000002 INTL 20100528)
[    0.000000] ACPI: FACS 0x000000003FFF0200 000040
[    0.000000] ACPI: FACS 0x000000003FFF0200 000040
[    0.000000] ACPI: APIC 0x000000003FFF0240 00005C (v02 VBOX   VBOXAPIC 00000001 ASL  00000061)
[    0.000000] ACPI: SSDT 0x000000003FFF02A0 0001CC (v01 VBOX   VBOXCPUT 00000002 INTL 20100528)
[    0.000000] No NUMA configuration found
[    0.000000] Faking a node at [mem 0x0000000000000000-0x000000003ffeffff]
[    0.000000] NODE_DATA(0) allocated [mem 0x3ffc5000-0x3ffeffff]
[    0.000000] kvm-clock: cpu 0, msr 0:3ff44001, primary cpu clock
[    0.000000] kvm-clock: Using msrs 4b564d01 and 4b564d00
[    0.000000] kvm-clock: using sched offset of 8046464731 cycles
[    0.000000] clocksource: kvm-clock: mask: 0xffffffffffffffff max_cycles: 0x1cd42e4dffb, max_idle_ns: 881590591483 ns
[    0.000000] Zone ranges:
[    0.000000]   DMA      [mem 0x0000000000001000-0x0000000000ffffff]
[    0.000000]   DMA32    [mem 0x0000000001000000-0x000000003ffeffff]
[    0.000000]   Normal   empty
[    0.000000]   Device   empty
[    0.000000] Movable zone start for each node
[    0.000000] Early memory node ranges
[    0.000000]   node   0: [mem 0x0000000000001000-0x000000000009efff]
[    0.000000]   node   0: [mem 0x0000000000100000-0x000000003ffeffff]
[    0.000000] Reserved but unavailable: 98 pages
[    0.000000] Initmem setup node 0 [mem 0x0000000000001000-0x000000003ffeffff]
[    0.000000] ACPI: PM-Timer IO Port: 0x4008
[    0.000000] IOAPIC[0]: apic_id 2, version 32, address 0xfec00000, GSI 0-23
[    0.000000] ACPI: INT_SRC_OVR (bus 0 bus_irq 0 global_irq 2 dfl dfl)
[    0.000000] ACPI: INT_SRC_OVR (bus 0 bus_irq 9 global_irq 9 low level)
[    0.000000] Using ACPI (MADT) for SMP configuration information
[    0.000000] smpboot: Allowing 2 CPUs, 0 hotplug CPUs
[    0.000000] PM: Registered nosave memory: [mem 0x00000000-0x00000fff]
[    0.000000] PM: Registered nosave memory: [mem 0x0009f000-0x0009ffff]
[    0.000000] PM: Registered nosave memory: [mem 0x000a0000-0x000effff]
[    0.000000] PM: Registered nosave memory: [mem 0x000f0000-0x000fffff]
[    0.000000] e820: [mem 0x40000000-0xfebfffff] available for PCI devices
[    0.000000] Booting paravirtualized kernel on KVM
[    0.000000] clocksource: refined-jiffies: mask: 0xffffffff max_cycles: 0xffffffff, max_idle_ns: 7645519600211568 ns
[    0.000000] random: get_random_bytes called from start_kernel+0x99/0x500 with crng_init=0
[    0.000000] setup_percpu: NR_CPUS:8192 nr_cpumask_bits:2 nr_cpu_ids:2 nr_node_ids:1
[    0.000000] percpu: Embedded 45 pages/cpu s147456 r8192 d28672 u1048576
[    0.000000] PV qspinlock hash table entries: 256 (order: 0, 4096 bytes)
[    0.000000] Built 1 zonelists, mobility grouping on.  Total pages: 257913
[    0.000000] Policy zone: DMA32
[    0.000000] Kernel command line: BOOT_IMAGE=/boot/vmlinuz-4.15.0-124-generic root=LABEL=cloudimg-rootfs ro console=tty1 console=ttyS0
[    0.000000] Memory: 983032K/1048120K available (12300K kernel code, 2482K rwdata, 4272K rodata, 2436K init, 2724K bss, 65088K reserved, 0K cma-reserved)
[    0.000000] SLUB: HWalign=64, Order=0-3, MinObjects=0, CPUs=2, Nodes=1
[    0.000000] Kernel/User page tables isolation: enabled
[    0.000000] ftrace: allocating 39402 entries in 154 pages
[    0.004000] Hierarchical RCU implementation.
[    0.004000] 	RCU restricting CPUs from NR_CPUS=8192 to nr_cpu_ids=2.
[    0.004000] 	Tasks RCU enabled.
[    0.004000] RCU: Adjusting geometry for rcu_fanout_leaf=16, nr_cpu_ids=2
[    0.004000] NR_IRQS: 524544, nr_irqs: 440, preallocated irqs: 16
[    0.004000] Console: colour VGA+ 80x25
[    0.004000] console [tty1] enabled
[    0.004000] console [ttyS0] enabled
[    0.004000] ACPI: Core revision 20170831
[    0.004000] ACPI: 2 ACPI AML tables successfully acquired and loaded
[    0.004000] APIC: Switch to symmetric I/O mode setup
[    0.004000] x2apic enabled
[    0.004000] Switched APIC routing to physical x2apic.
[    0.008000] ..TIMER: vector=0x30 apic1=0 pin1=2 apic2=-1 pin2=-1
[    0.008003] tsc: Detected 2993.202 MHz processor
[    0.009780] Calibrating delay loop (skipped) preset value.. 5986.40 BogoMIPS (lpj=11972808)
[    0.012003] pid_max: default: 32768 minimum: 301
[    0.013819] Security Framework initialized
[    0.016003] Yama: becoming mindful.
[    0.017334] AppArmor: AppArmor initialized
[    0.020000] Dentry cache hash table entries: 131072 (order: 8, 1048576 bytes)
[    0.020110] Inode-cache hash table entries: 65536 (order: 7, 524288 bytes)
[    0.022594] Mount-cache hash table entries: 2048 (order: 2, 16384 bytes)
[    0.024017] Mountpoint-cache hash table entries: 2048 (order: 2, 16384 bytes)
[    0.028180] Last level iTLB entries: 4KB 512, 2MB 8, 4MB 8
[    0.030167] Last level dTLB entries: 4KB 512, 2MB 32, 4MB 32, 1GB 0
[    0.032000] Spectre V1 : Mitigation: usercopy/swapgs barriers and __user pointer sanitization
[    0.032004] Spectre V2 : Mitigation: Full generic retpoline
[    0.036002] Spectre V2 : Spectre v2 / SpectreRSB mitigation: Filling RSB on context switch
[    0.038850] Speculative Store Bypass: Vulnerable
[    0.040053] SRBDS: Unknown: Dependent on hypervisor status
[    0.041931] MDS: Mitigation: Clear CPU buffers
[    0.044453] Freeing SMP alternatives memory: 36K
[    0.158551] smpboot: CPU0: Intel(R) Core(TM) i5-3330 CPU @ 3.00GHz (family: 0x6, model: 0x3a, stepping: 0x9)
[    0.160000] Performance Events: unsupported p6 CPU model 58 no PMU driver, software events only.
[    0.160067] Hierarchical SRCU implementation.
[    0.164812] NMI watchdog: Perf event create on CPU 0 failed with -2
[    0.166943] NMI watchdog: Perf NMI watchdog permanently disabled
[    0.168076] smp: Bringing up secondary CPUs ...
[    0.169878] x86: Booting SMP configuration:
[    0.172003] .... node  #0, CPUs:      #1
[    0.004000] kvm-clock: cpu 1, msr 0:3ff44041, secondary cpu clock
[    0.178589] smp: Brought up 1 node, 2 CPUs
[    0.178589] smpboot: Max logical packages: 1
[    0.180008] smpboot: Total of 2 processors activated (11972.80 BogoMIPS)
[    0.184188] devtmpfs: initialized
[    0.185377] x86/mm: Memory block size: 128MB
[    0.188428] evm: security.selinux
[    0.189686] evm: security.SMACK64
[    0.191037] evm: security.SMACK64EXEC
[    0.192000] evm: security.SMACK64TRANSMUTE
[    0.192004] evm: security.SMACK64MMAP
[    0.193454] evm: security.apparmor
[    0.196003] evm: security.ima
[    0.197204] evm: security.capability
[    0.200241] clocksource: jiffies: mask: 0xffffffff max_cycles: 0xffffffff, max_idle_ns: 7645041785100000 ns
[    0.203408] futex hash table entries: 512 (order: 3, 32768 bytes)
[    0.205843] pinctrl core: initialized pinctrl subsystem
[    0.208227] RTC time:  0:05:48, date: 01/03/21
[    0.210241] NET: Registered protocol family 16
[    0.212265] audit: initializing netlink subsys (disabled)
[    0.214179] audit: type=2000 audit(1609632358.472:1): state=initialized audit_enabled=0 res=1
[    0.216033] cpuidle: using governor ladder
[    0.220010] cpuidle: using governor menu
[    0.221550] ACPI: bus type PCI registered
[    0.223007] acpiphp: ACPI Hot Plug PCI Controller Driver version: 0.5
[    0.224172] PCI: Using configuration type 1 for base access
[    0.231205] HugeTLB registered 2.00 MiB page size, pre-allocated 0 pages
[    0.232150] ACPI: Added _OSI(Module Device)
[    0.236005] ACPI: Added _OSI(Processor Device)
[    0.237618] ACPI: Added _OSI(3.0 _SCP Extensions)
[    0.239271] ACPI: Added _OSI(Processor Aggregator Device)
[    0.240004] ACPI: Added _OSI(Linux-Dell-Video)
[    0.241629] ACPI: Added _OSI(Linux-Lenovo-NV-HDMI-Audio)
[    0.244004] ACPI: Added _OSI(Linux-HPI-Hybrid-Graphics)
[    0.246499] ACPI: Executed 1 blocks of module-level executable AML code
[    0.262486] ACPI: Interpreter enabled
[    0.264032] ACPI: (supports S0 S5)
[    0.265442] ACPI: Using IOAPIC for interrupt routing
[    0.268388] PCI: Using host bridge windows from ACPI; if necessary, use "pci=nocrs" and report a bug
[    0.272254] ACPI: Enabled 2 GPEs in block 00 to 07
[    0.294397] ACPI: PCI Root Bridge [PCI0] (domain 0000 [bus 00-ff])
[    0.296013] acpi PNP0A03:00: _OSC: OS supports [ASPM ClockPM Segments MSI]
[    0.301768] acpi PNP0A03:00: _OSC: not requesting OS control; OS requires [ExtendedConfig ASPM ClockPM MSI]
[    0.304030] acpi PNP0A03:00: fail to add MMCONFIG information, can't access extended PCI configuration space under this bridge.
[    0.308976] PCI host bridge to bus 0000:00
[    0.310503] pci_bus 0000:00: root bus resource [io  0x0000-0x0cf7 window]
[    0.312006] pci_bus 0000:00: root bus resource [io  0x0d00-0xffff window]
[    0.314338] pci_bus 0000:00: root bus resource [mem 0x000a0000-0x000bffff window]
[    0.316014] pci_bus 0000:00: root bus resource [mem 0x40000000-0xfdffffff window]
[    0.320011] pci_bus 0000:00: root bus resource [bus 00-ff]
[    0.330107] pci 0000:00:01.1: legacy IDE quirk: reg 0x10: [io  0x01f0-0x01f7]
[    0.332009] pci 0000:00:01.1: legacy IDE quirk: reg 0x14: [io  0x03f6]
[    0.334291] pci 0000:00:01.1: legacy IDE quirk: reg 0x18: [io  0x0170-0x0177]
[    0.336010] pci 0000:00:01.1: legacy IDE quirk: reg 0x1c: [io  0x0376]
[    0.363040] pci 0000:00:07.0: quirk: [io  0x4000-0x403f] claimed by PIIX4 ACPI
[    0.364028] pci 0000:00:07.0: quirk: [io  0x4100-0x410f] claimed by PIIX4 SMB
[    0.378904] ACPI: PCI Interrupt Link [LNKA] (IRQs 5 9 10 *11)
[    0.381241] ACPI: PCI Interrupt Link [LNKB] (IRQs 5 9 *10 11)
[    0.384313] ACPI: PCI Interrupt Link [LNKC] (IRQs 5 *9 10 11)
[    0.386730] ACPI: PCI Interrupt Link [LNKD] (IRQs 5 9 10 *11)
[    0.388823] SCSI subsystem initialized
[    0.392136] pci 0000:00:02.0: vgaarb: setting as boot VGA device
[    0.394413] pci 0000:00:02.0: vgaarb: VGA device added: decodes=io+mem,owns=io+mem,locks=none
[    0.396007] pci 0000:00:02.0: vgaarb: bridge control possible
[    0.396007] vgaarb: loaded
[    0.397227] ACPI: bus type USB registered
[    0.398775] usbcore: registered new interface driver usbfs
[    0.400018] usbcore: registered new interface driver hub
[    0.404002] usbcore: registered new device driver usb
[    0.404061] EDAC MC: Ver: 3.0.0
[    0.408045] PCI: Using ACPI for IRQ routing
[    0.412011] NetLabel: Initializing
[    0.412011] NetLabel:  domain hash size = 128
[    0.412011] NetLabel:  protocols = UNLABELED CIPSOv4 CALIPSO
[    0.416029] NetLabel:  unlabeled traffic allowed by default
[    0.416095] clocksource: Switched to clocksource kvm-clock
[    0.455312] VFS: Disk quotas dquot_6.6.0
[    0.456870] VFS: Dquot-cache hash table entries: 512 (order 0, 4096 bytes)
[    0.459307] AppArmor: AppArmor Filesystem Enabled
[    0.461073] pnp: PnP ACPI init
[    0.465064] pnp: PnP ACPI: found 3 devices
[    0.473892] clocksource: acpi_pm: mask: 0xffffff max_cycles: 0xffffff, max_idle_ns: 2085701024 ns
[    0.476110] NET: Registered protocol family 2
[    0.479483] TCP established hash table entries: 8192 (order: 4, 65536 bytes)
[    0.483869] TCP bind hash table entries: 8192 (order: 5, 131072 bytes)
[    0.486200] TCP: Hash tables configured (established 8192 bind 8192)
[    0.488538] UDP hash table entries: 512 (order: 2, 16384 bytes)
[    0.490677] UDP-Lite hash table entries: 512 (order: 2, 16384 bytes)
[    0.492913] NET: Registered protocol family 1
[    0.494650] pci 0000:00:00.0: Limiting direct PCI/PCI transfers
[    0.496841] pci 0000:00:01.0: Activating ISA DMA hang workarounds
[    0.499093] pci 0000:00:02.0: Video device with shadowed ROM at [mem 0x000c0000-0x000dffff]
[    0.502333] Unpacking initramfs...
[    1.124976] Freeing initrd memory: 19216K
[    1.126806] clocksource: tsc: mask: 0xffffffffffffffff max_cycles: 0x2b252f7841d, max_idle_ns: 440795324717 ns
[    1.130708] platform rtc_cmos: registered platform RTC device (no PNP device found)
[    1.133562] Scanning for low memory corruption every 60 seconds
[    1.136771] Initialise system trusted keyrings
[    1.138408] Key type blacklist registered
[    1.140066] workingset: timestamp_bits=36 max_order=18 bucket_order=0
[    1.145337] zbud: loaded
[    1.147500] squashfs: version 4.0 (2009/01/31) Phillip Lougher
[    1.150176] fuse init (API version 7.26)
[    1.155321] Key type asymmetric registered
[    1.156984] Asymmetric key parser 'x509' registered
[    1.158785] Block layer SCSI generic (bsg) driver version 0.4 loaded (major 246)
[    1.161679] io scheduler noop registered
[    1.163172] io scheduler deadline registered
[    1.164839] io scheduler cfq registered (default)
[    1.166892] ACPI: AC Adapter [AC] (on-line)
[    1.168567] input: Power Button as /devices/LNXSYSTM:00/LNXPWRBN:00/input/input0
[    1.171330] ACPI: Power Button [PWRF]
[    1.172870] input: Sleep Button as /devices/LNXSYSTM:00/LNXSLPBN:00/input/input1
[    1.175566] ACPI: Sleep Button [SLPF]
[    1.177559] Serial: 8250/16550 driver, 32 ports, IRQ sharing enabled
[    1.201202] 00:02: ttyS0 at I/O 0x3f8 (irq = 4, base_baud = 115200) is a 16550A
[    1.207666] Linux agpgart interface v0.103
[    1.211405] loop: module loaded
[    1.213874] scsi host0: ata_piix
[    1.215467] scsi host1: ata_piix
[    1.216849] ata1: PATA max UDMA/33 cmd 0x1f0 ctl 0x3f6 bmdma 0xd000 irq 14
[    1.219293] ata2: PATA max UDMA/33 cmd 0x170 ctl 0x376 bmdma 0xd008 irq 15
[    1.221765] libphy: Fixed MDIO Bus: probed
[    1.223282] tun: Universal TUN/TAP device driver, 1.6
[    1.225120] PPP generic driver version 2.4.2
[    1.226711] ehci_hcd: USB 2.0 'Enhanced' Host Controller (EHCI) Driver
[    1.229132] ehci-pci: EHCI PCI platform driver
[    1.230733] ehci-platform: EHCI generic platform driver
[    1.232528] ohci_hcd: USB 1.1 'Open' Host Controller (OHCI) Driver
[    1.234884] ohci-pci: OHCI PCI platform driver
[    1.236664] ohci-platform: OHCI generic platform driver
[    1.238512] uhci_hcd: USB Universal Host Controller Interface driver
[    1.240641] i8042: PNP: PS/2 Controller [PNP0303:PS2K,PNP0f03:PS2M] at 0x60,0x64 irq 1,12
[    1.244620] serio: i8042 KBD port at 0x60,0x64 irq 1
[    1.246421] serio: i8042 AUX port at 0x60,0x64 irq 12
[    1.248204] mousedev: PS/2 mouse device common for all mice
[    1.250826] input: AT Translated Set 2 keyboard as /devices/platform/i8042/serio0/input/input2
[    1.254458] rtc_cmos rtc_cmos: rtc core: registered rtc_cmos as rtc0
[    1.256866] rtc_cmos rtc_cmos: alarms up to one day, 114 bytes nvram
[    1.259175] i2c /dev entries driver
[    1.260597] device-mapper: uevent: version 1.0.3
[    1.262464] device-mapper: ioctl: 4.37.0-ioctl (2017-09-20) initialised: dm-devel@redhat.com
[    1.265532] ledtrig-cpu: registered to indicate activity on CPUs
[    1.268342] NET: Registered protocol family 10
[    1.275596] Segment Routing with IPv6
[    1.277272] NET: Registered protocol family 17
[    1.279134] Key type dns_resolver registered
[    1.281163] mce: Using 0 MCE banks
[    1.282485] RAS: Correctable Errors collector initialized.
[    1.284417] sched_clock: Marking stable (1284392560, 0)->(1683437888, -399045328)
[    1.287885] registered taskstats version 1
[    1.289448] Loading compiled-in X.509 certificates
[    1.294860] Loaded X.509 cert 'Build time autogenerated kernel key: be62403dcace2d46f96dafa9f42421c610ef3c2a'
[    1.298659] zswap: loaded using pool lzo/zbud
[    1.305247] Key type big_key registered
[    1.306881] Key type trusted registered
[    1.310927] Key type encrypted registered
[    1.312486] AppArmor: AppArmor sha1 policy hashing enabled
[    1.314693] ima: No TPM chip found, activating TPM-bypass! (rc=-19)
[    1.316911] ima: Allocated hash algorithm: sha1
[    1.318539] evm: HMAC attrs: 0x1
[    1.320146]   Magic number: 5:701:50
[    1.321563] platform platform-framebuffer.0: hash matches
[    1.323572] rtc_cmos rtc_cmos: setting system clock to 2021-01-03 00:05:49 UTC (1609632349)
[    1.326710] BIOS EDD facility v0.16 2004-Jun-25, 0 devices found
[    1.328841] EDD information not available.
[    1.429616] Freeing unused kernel image memory: 2436K
[    1.436705] Write protecting the kernel read-only data: 20480k
[    1.440130] Freeing unused kernel image memory: 2008K
[    1.442543] Freeing unused kernel image memory: 1872K
[    1.478947] x86/mm: Checked W+X mappings: passed, no W+X pages found.
[    1.481529] x86/mm: Checking user space page tables
[    1.518007] x86/mm: Checked W+X mappings: passed, no W+X pages found.
Loading, please wait...
starting version 237
[    1.651465] Fusion MPT base driver 3.04.20
[    1.653253] Copyright (c) 1999-2008 LSI Corporation
[    1.671650] e1000: Intel(R) PRO/1000 Network Driver - version 7.3.21-k8-NAPI
[    1.674450] e1000: Copyright (c) 1999-2006 Intel Corporation.
[    1.682099] AVX version of gcm_enc/dec engaged.
[    1.683903] AES CTR mode by8 optimization enabled
[    1.718588] Fusion MPT SPI Host driver 3.04.20
[    1.882965] input: ImExPS/2 Generic Explorer Mouse as /devices/platform/i8042/serio1/input/input4
[    2.198744] e1000 0000:00:03.0 eth0: (PCI:33MHz:32-bit) 02:60:71:1d:34:36
[    2.201335] e1000 0000:00:03.0 eth0: Intel(R) PRO/1000 Network Connection
[    2.207692] e1000 0000:00:03.0 enp0s3: renamed from eth0
[    2.208061] mptbase: ioc0: Initiating bringup
[    2.305900] ioc0: LSI53C1030 A0: Capabilities={Initiator}
[    2.551475] scsi host2: ioc0: LSI53C1030 A0, FwRev=00000000h, Ports=1, MaxQ=256, IRQ=20
[    2.720985] scsi 2:0:0:0: Direct-Access     VBOX     HARDDISK         1.0  PQ: 0 ANSI: 5
[    3.648809] scsi target2:0:0: Beginning Domain Validation
[    3.655681] scsi target2:0:0: Domain Validation skipping write tests
[    3.659982] scsi target2:0:0: Ending Domain Validation
[    3.664188] scsi target2:0:0: asynchronous
[    3.668365] scsi 2:0:1:0: Direct-Access     VBOX     HARDDISK         1.0  PQ: 0 ANSI: 5
[    4.548227] scsi target2:0:1: Beginning Domain Validation
[    4.554317] random: fast init done
[    4.558470] scsi target2:0:1: Domain Validation skipping write tests
[    4.562939] scsi target2:0:1: Ending Domain Validation
[    4.566677] scsi target2:0:1: asynchronous
[    4.581671] random: systemd-udevd: uninitialized urandom read (16 bytes read)
[    4.584238] random: systemd-udevd: uninitialized urandom read (16 bytes read)
[    4.586778] random: systemd-udevd: uninitialized urandom read (16 bytes read)
[    4.589896] sd 2:0:0:0: Attached scsi generic sg0 type 0
[    4.591983] sd 2:0:0:0: [sda] 20971520 512-byte logical blocks: (10.7 GB/10.0 GiB)
[    4.595328] sd 2:0:0:0: [sda] Write Protect is off
[    4.597687] sd 2:0:0:0: [sda] Incomplete mode parameter data
[    4.599978] sd 2:0:0:0: [sda] Assuming drive cache: write through
[    4.603326] sd 2:0:1:0: [sdb] 20480 512-byte logical blocks: (10.5 MB/10.0 MiB)
[    4.603329] sd 2:0:1:0: Attached scsi generic sg1 type 0
[    4.608320] sd 2:0:1:0: [sdb] Write Protect is off
[    4.610474] sd 2:0:1:0: [sdb] Incomplete mode parameter data
[    4.612738] sd 2:0:1:0: [sdb] Assuming drive cache: write through
[    4.627227]  sda: sda1
[    4.629877] sd 2:0:0:0: [sda] Attached SCSI disk
[    4.662212] sd 2:0:1:0: [sdb] Attached SCSI disk
Begin: Loading essential drivers ... [    7.300062] raid6: sse2x1   gen()  2637 MB/s
[    7.348882] raid6: sse2x1   xor()  1761 MB/s
[    7.396722] raid6: sse2x2   gen()  5982 MB/s
[    7.444554] raid6: sse2x2   xor()  2751 MB/s
[    7.492402] raid6: sse2x4   gen()  6644 MB/s
[    7.540255] raid6: sse2x4   xor()  3764 MB/s
[    7.541917] raid6: using algorithm sse2x4 gen() 6644 MB/s
[    7.543899] raid6: .... xor() 3764 MB/s, rmw enabled
[    7.545939] raid6: using ssse3x2 recovery algorithm
[    7.550314] xor: automatically using best checksumming function   avx       
[    7.554952] async_tx: api initialized (async)
done.
Begin: Running /scripts/init-premount ... done.
Begin: Mounting root file system ... Begin: Running /scripts/local-top ... done.
Begin: Running /scripts/local-premount ... [    7.652722] Btrfs loaded, crc32c=crc32c-intel
Scanning for Btrfs filesystems
done.
Warning: fsck not present, so skipping root file system
[    7.777009] EXT4-fs (sda1): mounted filesystem with ordered data mode. Opts: (null)
done.
Begin: Running /scripts/local-bottom ... done.
Begin: Running /scripts/init-bottom ... done.
[    8.809431] ip_tables: (C) 2000-2006 Netfilter Core Team
[    8.944957] systemd[1]: systemd 237 running in system mode. (+PAM +AUDIT +SELINUX +IMA +APPARMOR +SMACK +SYSVINIT +UTMP +LIBCRYPTSETUP +GCRYPT +GNUTLS +ACL +XZ +LZ4 +SECCOMP +BLKID +ELFUTILS +KMOD -IDN2 +IDN -PCRE2 default-hierarchy=hybrid)
[    8.959434] systemd[1]: Detected virtualization oracle.
[    8.963391] systemd[1]: Detected architecture x86-64.

Welcome to [1mUbuntu 18.04.5 LTS[0m!

[    9.004878] systemd[1]: Set hostname to <ubuntu>.
[    9.034986] systemd[1]: Initializing machine ID from random generator.
[    9.037432] systemd[1]: Installed transient /etc/machine-id file.
[    9.742689] random: crng init done
[    9.745936] random: 7 urandom warning(s) missed due to ratelimiting
[   10.858761] systemd[1]: Reached target User and Group Name Lookups.
[[0;32m  OK  [0m] Reached target User and Group Name Lookups.
[   10.863599] systemd[1]: Set up automount Arbitrary Executable File Formats File System Automount Point.
[[0;32m  OK  [0m] Set up automount Arbitrary Executabâ€¦rmats File System Automount Point.
[   10.873006] systemd[1]: Created slice System Slice.
[[0;32m  OK  [0m] Created slice System Slice.
[   10.876877] systemd[1]: Listening on LVM2 poll daemon socket.
[[0;32m  OK  [0m] Listening on LVM2 poll daemon socket.
[[0;32m  OK  [0m] Created slice system-serial\x2dgetty.slice.
[[0;32m  OK  [0m] Listening on udev Kernel Socket.
[[0;32m  OK  [0m] Listening on Journal Socket (/dev/log).
[[0;32m  OK  [0m] Listening on Device-mapper event daemon FIFOs.
[[0;32m  OK  [0m] Listening on /dev/initctl Compatibility Named Pipe.
[[0;32m  OK  [0m] Reached target Swap.
[[0;32m  OK  [0m] Started Forward Password Requests to Wall Directory Watch.
[[0;32m  OK  [0m] Listening on Journal Socket.
         Starting Uncomplicated firewall...
[[0;32m  OK  [0m] Listening on Syslog Socket.
[[0;32m  OK  [0m] Listening on udev Control Socket.
         Starting udev Coldplug all Devices...
         Starting Remount Root and Kernel File Systems...
         Starting Create list of required stâ€¦ce nodes for the current kernel...
         Mounting Huge Pages File System...
         Mounting POSIX Message Queue File System...
[[0;32m  OK  [0m] Listening on Journal Audit Socket.
         Starting Journal Service...
[[0;32m  OK  [0m] Reached target System Time Synchronized.
         Starting Load Kernel Modules...
[[0;32m  OK  [0m] Created slice User and Session Slice.
[[0;32m  OK  [0m] Reached target Slices.
[   11.164438] EXT4-fs (sda1): re-mounted. Opts: (null)
[[0;32m  OK  [0m] Listening on LVM2 metadata daemon socket.
         Starting Monitoring of LVM2 mirrorsâ€¦ng dmeventd or progress polling...
         Mounting Kernel Debug File System...
         Starting Set the console keyboard layout...
[[0;32m  OK  [0m] Listening on Network Service Netlink Socket.
[[0;32m  OK  [0m] Started Uncomplicated firewall.
[[0;32m  OK  [0m] Started Remount Root and Kernel File Systems.
[[0;32m  OK  [0m] Started Create list of required staâ€¦vice nodes for the current kernel.
[[0;32m  OK  [0m] Mounted Huge Pages File System.
[[0;32m  OK  [0m] Mounted POSIX Message Queue File System.
[[0;32m  OK  [0m] Mounted Kernel Debug File System.
[   11.263908] Loading iSCSI transport class v2.0-870.
[[0;32m  OK  [0m] Started Journal Service.
         Starting Create Static Device Nodes in /dev...
         Starting Load/Save Random Seed...
         Starting Flush Journal to Persistent Storage...
[[0;32m  OK  [0m] Started udev Coldplug all Devices.
[   11.392244] iscsi: registered transport (tcp)
[   11.506144] systemd-journald[406]: Received request to flush runtime journal from PID 1
[[0;32m  OK  [0m] Started Load/Save Random Seed.
[[0;32m  OK  [0m] Started Create Static Device Nodes in /dev.
[   11.833133] iscsi: registered transport (iser)
         Starting udev Kernel Device Manager...
[[0;32m  OK  [0m] Started Load Kernel Modules.
         Starting Apply Kernel Variables...
         Mounting Kernel Configuration File System...
         Mounting FUSE Control File System...
[[0;32m  OK  [0m] Mounted Kernel Configuration File System.
[[0;32m  OK  [0m] Mounted FUSE Control File System.
[[0;32m  OK  [0m] Started Flush Journal to Persistent Storage.
[[0;32m  OK  [0m] Started LVM2 metadata daemon.
[[0;32m  OK  [0m] Started udev Kernel Device Manager.
[[0;32m  OK  [0m] Started Apply Kernel Variables.
[[0;32m  OK  [0m] Started Monitoring of LVM2 mirrors,â€¦sing dmeventd or progress polling.
[[0;32m  OK  [0m] Found device /dev/ttyS0.
[[0;32m  OK  [0m] Listening on Load/Save RF Kill Switch Status /dev/rfkill Watch.
[[0;32m  OK  [0m] Started Set the console keyboard layout.
[[0;32m  OK  [0m] Started Dispatch Password Requests to Console Directory Watch.
[[0;32m  OK  [0m] Reached target Local Encrypted Volumes.
[[0;32m  OK  [0m] Reached target Local File Systems (Pre).
[[0;32m  OK  [0m] Reached target Local File Systems.
         Starting ebtables ruleset management...
         Starting AppArmor initialization...
         Starting Tell Plymouth To Write Out Runtime Data...
         Starting Set console font and keymap...
         Starting Commit a transient machine-id on disk...
         Starting Create Volatile Files and Directories...
[[0;32m  OK  [0m] Started Set console font and keymap.
[[0;32m  OK  [0m] Started Tell Plymouth To Write Out Runtime Data.
[[0;32m  OK  [0m] Started Create Volatile Files and Directories.
         Starting Update UTMP about System Boot/Shutdown...
[[0;32m  OK  [0m] Started ebtables ruleset management.
[[0;32m  OK  [0m] Started Commit a transient machine-id on disk.
[[0;32m  OK  [0m] Started Update UTMP about System Boot/Shutdown.
[[0;32m  OK  [0m] Started AppArmor initialization.
         Starting Initial cloud-init job (pre-networking)...
         Starting Load AppArmor profiles managed internally by snapd...
[[0;32m  OK  [0m] Started Load AppArmor profiles managed internally by snapd.
[   24.517236] cloud-init[685]: Cloud-init v. 20.3-2-g371b392c-0ubuntu1~18.04.1 running 'init-local' at Sun, 03 Jan 2021 00:06:11 +0000. Up 23.47 seconds.
[[0;32m  OK  [0m] Started Initial cloud-init job (pre-networking).
[[0;32m  OK  [0m] Reached target Network (Pre).
         Starting Network Service...
[[0;32m  OK  [0m] Started Network Service.
         Starting Wait for Network to be Configured...
         Starting Network Name Resolution...
[[0;32m  OK  [0m] Started Network Name Resolution.
[[0;32m  OK  [0m] Reached target Host and Network Name Lookups.
[[0;32m  OK  [0m] Reached target Network.
[[0;32m  OK  [0m] Started Wait for Network to be Configured.
         Starting Initial cloud-init job (metadata service crawler)...
[   27.930936] cloud-init[822]: Cloud-init v. 20.3-2-g371b392c-0ubuntu1~18.04.1 running 'init' at Sun, 03 Jan 2021 00:06:15 +0000. Up 27.57 seconds.
[   27.933932] cloud-init[822]: ci-info: ++++++++++++++++++++++++++++++++++++++Net device info++++++++++++++++++++++++++++++++++++++
[   27.936413] cloud-init[822]: ci-info: +--------+------+----------------------------+---------------+--------+-------------------+
[   27.939565] cloud-init[822]: ci-info: | Device |  Up  |          Address           |      Mask     | Scope  |     Hw-Address    |
[   27.941995] cloud-init[822]: ci-info: +--------+------+----------------------------+---------------+--------+-------------------+
[   27.944654] cloud-init[822]: ci-info: | enp0s3 | True |         10.0.2.15          | 255.255.255.0 | global | 02:60:71:1d:34:36 |
[   27.947546] cloud-init[822]: ci-info: | enp0s3 | True | fe80::60:71ff:fe1d:3436/64 |       .       |  link  | 02:60:71:1d:34:36 |
[   27.950111] cloud-init[822]: ci-info: |   lo   | True |         127.0.0.1          |   255.0.0.0   |  host  |         .         |
[   27.952255] cloud-init[822]: ci-info: |   lo   | True |          ::1/128           |       .       |  host  |         .         |
[   27.954547] cloud-init[822]: ci-info: +--------+------+----------------------------+---------------+--------+-------------------+
[   27.957171] cloud-init[822]: ci-info: ++++++++++++++++++++++++++++Route IPv4 info+++++++++++++++++++++++++++++
[   27.959447] cloud-init[822]: ci-info: +-------+-------------+----------+-----------------+-----------+-------+
[   27.961633] cloud-init[822]: ci-info: | Route | Destination | Gateway  |     Genmask     | Interface | Flags |
[   27.972311] cloud-init[822]: ci-info: +-------+-------------+----------+-----------------+-----------+-------+
[   27.974459] cloud-init[822]: ci-info: |   0   |   0.0.0.0   | 10.0.2.2 |     0.0.0.0     |   enp0s3  |   UG  |
[   27.976660] cloud-init[822]: ci-info: |   1   |   10.0.2.0  | 0.0.0.0  |  255.255.255.0  |   enp0s3  |   U   |
[   27.978923] cloud-init[822]: ci-info: |   2   |   10.0.2.2  | 0.0.0.0  | 255.255.255.255 |   enp0s3  |   UH  |
[   27.981140] cloud-init[822]: ci-info: +-------+-------------+----------+-----------------+-----------+-------+
[   27.983267] cloud-init[822]: ci-info: +++++++++++++++++++Route IPv6 info+++++++++++++++++++
[   27.985102] cloud-init[822]: ci-info: +-------+-------------+---------+-----------+-------+
[   27.986871] cloud-init[822]: ci-info: | Route | Destination | Gateway | Interface | Flags |
[   27.988679] cloud-init[822]: ci-info: +-------+-------------+---------+-----------+-------+
[   28.001094] cloud-init[822]: ci-info: |   1   |  fe80::/64  |    ::   |   enp0s3  |   U   |
[   28.002913] cloud-init[822]: ci-info: |   3   |    local    |    ::   |   enp0s3  |   U   |
[   28.004728] cloud-init[822]: ci-info: |   4   |   ff00::/8  |    ::   |   enp0s3  |   U   |
[   28.006556] cloud-init[822]: ci-info: +-------+-------------+---------+-----------+-------+
[   31.568139] cloud-init[822]: Generating public/private rsa key pair.
[   31.577685] cloud-init[822]: Your identification has been saved in /etc/ssh/ssh_host_rsa_key.
[   31.579544] cloud-init[822]: Your public key has been saved in /etc/ssh/ssh_host_rsa_key.pub.
[   31.581434] cloud-init[822]: The key fingerprint is:
[   31.592369] cloud-init[822]: SHA256:D5/a2D/uYbuJ9YPplG8YnXm3c5cqrg/cEqEQonJT7UA root@ubuntu-bionic
[   31.595153] cloud-init[822]: The key's randomart image is:
[   31.596415] cloud-init[822]: +---[RSA 2048]----+
[   31.597455] cloud-init[822]: |   oEo           |
[   31.598541] cloud-init[822]: |  ..o o          |
[   31.599473] cloud-init[822]: |..o  +   .       |
[   31.600477] cloud-init[822]: |.. .  o . .      |
[   31.601708] cloud-init[822]: |       .S.   . o |
[   31.602868] cloud-init[822]: |        .+o...+ o|
[   31.603939] cloud-init[822]: |         ++.*= .+|
[   31.605091] cloud-init[822]: |         =o*=*o+o|
[   31.606230] cloud-init[822]: |        o.BBX=+.+|
[   31.607386] cloud-init[822]: +----[SHA256]-----+
[   31.608479] cloud-init[822]: Generating public/private dsa key pair.
[   31.609899] cloud-init[822]: Your identification has been saved in /etc/ssh/ssh_host_dsa_key.
[   31.611991] cloud-init[822]: Your public key has been saved in /etc/ssh/ssh_host_dsa_key.pub.
[   31.613924] cloud-init[822]: The key fingerprint is:
[   31.615084] cloud-init[822]: SHA256:frnbUhTQRIlEJ5vTBX38MDBuxFmH/v6bRIipxPFPc4U root@ubuntu-bionic
[   31.617040] cloud-init[822]: The key's randomart image is:
[   31.618282] cloud-init[822]: +---[DSA 1024]----+
[   31.619365] cloud-init[822]: |         o=BOBoo.|
[   31.632577] cloud-init[822]: |          .O*o=oo|
[   31.633649] cloud-init[822]: |         .+ +oE+o|
[   31.634734] cloud-init[822]: |        . oo+ o o|
[   31.635809] cloud-init[822]: |        So = + + |
[   31.636894] cloud-init[822]: |       .. ..+ + .|
[   31.639011] cloud-init[822]: |        ..o. . o |
[   31.640780] cloud-init[822]: |         ..o  . o|
[   31.642259] cloud-init[822]: |          oo.  o+|
[   31.643701] cloud-init[822]: +----[SHA256]-----+
[   31.645327] cloud-init[822]: Generating public/private ecdsa key pair.
[   31.647141] cloud-init[822]: Your identification has been saved in /etc/ssh/ssh_host_ecdsa_key.
[   31.649463] cloud-init[822]: Your public key has been saved in /etc/ssh/ssh_host_ecdsa_key.pub.
[   31.651720] cloud-init[822]: The key fingerprint is:
[   31.652928] cloud-init[822]: SHA256:xoDXhtFh0GAgrwIkrzmpfIKWxZYy9rXCbI2IGozz/7Y root@ubuntu-bionic
[   31.655843] cloud-init[822]: The key's randomart image is:
[   31.657470] cloud-init[822]: +---[ECDSA 256]---+
[   31.658835] cloud-init[822]: |... ..==o.       |
[   31.660238] cloud-init[822]: |o. o o =o        |
[   31.661937] cloud-init[822]: |. . o + o        |
[   31.663391] cloud-init[822]: |.+.... +         |
[   31.664816] cloud-init[822]: |*+.= .  S        |
[   31.666197] cloud-init[822]: |Oo@ + ..         |
[   31.667592] cloud-init[822]: |BB O o           |
[   31.668988] cloud-init[822]: |o++ . .          |
[   31.670357] cloud-init[822]: |. ...oE.         |
[   31.671731] cloud-init[822]: +----[SHA256]-----+
[   31.674011] cloud-init[822]: Generating public/private ed25519 key pair.
[   31.675834] cloud-init[822]: Your identification has been saved in /etc/ssh/ssh_host_ed25519_key.
[   31.678840] cloud-init[822]: Your public key has been saved in /etc/ssh/ssh_host_ed25519_key.pub.
[   31.681131] cloud-init[822]: The key fingerprint is:
[   31.682600] cloud-init[822]: SHA256:4NbHrInj1kFqPTLMdZfNMJYnP6l0S1JKg9BrtvuDAxQ root@ubuntu-bionic
[   31.686023] cloud-init[822]: The key's randomart image is:
[   31.687987] cloud-init[822]: +--[ED25519 256]--+
[   31.689560] cloud-init[822]: |        .o . .   |
[   31.690949] cloud-init[822]: |        E o O o  |
[   31.692377] cloud-init[822]: |      .  . + & . |
[   31.693958] cloud-init[822]: |     . o+o= * O  |[[0;32m  OK  [0m] Started Initial cloud-init job (metadata service crawler).
[[0;32m  OK  [0m] Reached target Network is Online.

[   31.698039] cloud-init[822]: |     oo*S+++ = o |
         Starting Availability of block devices...
[[0;32m  OK  [0m] Reached target Remote File Systems (Pre).
[[0;32m  OK  [0m] Reached target Remote File Systems.
[[0;32m  OK  [0m] Reached target System Initialization.
[[0;32m  OK  [0m] Listening on UUID daemon activation socket.
[[0;32m  OK  [0m] Started Daily apt download activities.
[[0;32m  OK  [0m] Listening on Open-iSCSI iscsid Socket.
[[0;32m  OK  [0m] Listening on D-Bus System Message Bus Socket.
[   31.708041] cloud-init[822]: |     .B.=+. . .  |
[   31.713274] cloud-init[822]: |     .o+o+ o     |         Starting Socket activation for snappy daemon.
[[0;32m  OK  [0m] Started Daily apt upgrade and clean activities.

[   31.717296] cloud-init[822]: |     .... + .    |
[   31.718801] cloud-init[822]: |     ..    o..   |
[   31.720262] cloud-init[822]: +----[SHA256]-----+
[[0;32m  OK  [0m] Started ACPI Events Check.
[[0;32m  OK  [0m] Reached target Paths.
[[0;32m  OK  [0m] Started Discard unused blocks once a week.
[[0;32m  OK  [0m] Started Daily Cleanup of Temporary Directories.
[[0;32m  OK  [0m] Started Message of the Day.
[[0;32m  OK  [0m] Reached target Timers.
         Starting LXD - unix socket.
[[0;32m  OK  [0m] Listening on ACPID Listen Socket.
[[0;32m  OK  [0m] Reached target Cloud-config availability.
[[0;32m  OK  [0m] Started Availability of block devices.
[[0;32m  OK  [0m] Listening on Socket activation for snappy daemon.
[[0;32m  OK  [0m] Listening on LXD - unix socket.
[[0;32m  OK  [0m] Reached target Sockets.
[[0;32m  OK  [0m] Reached target Basic System.
         Starting LSB: automatic crash report generation...
         Starting Virtualbox guest utils...
[[0;32m  OK  [0m] Started Deferred execution scheduler.
         Starting Pollinate to seed the pseudo random number generator...
[[0;32m  OK  [0m] Started D-Bus System Message Bus.
         Starting System Logging Service...
         Starting LSB: Record successful boot for GRUB...
         Starting LXD - container startup/shutdown...
[[0;32m  OK  [0m] Started Regular background program processing daemon.
         Starting Dispatcher daemon for systemd-networkd...
[[0;32m  OK  [0m] Started irqbalance daemon.
         Starting Login Service...
         Starting Permit User Sessions...
         Starting Accounts Service...
[[0;32m  OK  [0m] Started FUSE filesystem for LXC.
         Starting Snap Daemon...
[[0;32m  OK  [0m] Started System Logging Service.
[[0;32m  OK  [0m] Started Permit User Sessions.
         Starting Hold until boot process finishes up...
         Starting Terminate Plymouth Boot Screen...
[[0;32m  OK  [0m] Started Hold until boot process finishes up.
         Starting Set console scheme...
[[0;32m  OK  [0m] Started Serial Getty on ttyS0.
[[0;32m  OK  [0m] Started Login Service.
[[0;32m  OK  [0m] Started Terminate Plymouth Boot Screen.
[[0;32m  OK  [0m] Started Unattended Upgrades Shutdown.
         Starting Authorization Manager...
[[0;32m  OK  [0m] Started Set console scheme.
[[0;32m  OK  [0m] Created slice system-getty.slice.
[[0;32m  OK  [0m] Started Getty on tty1.
[[0;32m  OK  [0m] Reached target Login Prompts.
[[0;32m  OK  [0m] Started LSB: automatic crash report generation.
[[0;32m  OK  [0m] Started LSB: Record successful boot for GRUB.
[[0;32m  OK  [0m] Started Authorization Manager.
[[0;32m  OK  [0m] Started Accounts Service.
[[0;32m  OK  [0m] Started Virtualbox guest utils.
[[0;32m  OK  [0m] Started Dispatcher daemon for systemd-networkd.
[[0;32m  OK  [0m] Started LXD - container startup/shutdown.

Ubuntu 18.04.5 LTS ubuntu-bionic ttyS0

ubuntu-bionic login: [   46.786648] cloud-init[1513]: Cloud-init v. 20.3-2-g371b392c-0ubuntu1~18.04.1 running 'modules:config' at Sun, 03 Jan 2021 00:06:32 +0000. Up 44.09 seconds.
ci-info: no authorized SSH keys fingerprints found for user ubuntu.
<14>Jan  3 00:06:36 ec2: 
<14>Jan  3 00:06:36 ec2: #############################################################
<14>Jan  3 00:06:36 ec2: -----BEGIN SSH HOST KEY FINGERPRINTS-----
<14>Jan  3 00:06:36 ec2: 1024 SHA256:frnbUhTQRIlEJ5vTBX38MDBuxFmH/v6bRIipxPFPc4U root@ubuntu-bionic (DSA)
<14>Jan  3 00:06:36 ec2: 256 SHA256:xoDXhtFh0GAgrwIkrzmpfIKWxZYy9rXCbI2IGozz/7Y root@ubuntu-bionic (ECDSA)
<14>Jan  3 00:06:36 ec2: 256 SHA256:4NbHrInj1kFqPTLMdZfNMJYnP6l0S1JKg9BrtvuDAxQ root@ubuntu-bionic (ED25519)
<14>Jan  3 00:06:36 ec2: 2048 SHA256:D5/a2D/uYbuJ9YPplG8YnXm3c5cqrg/cEqEQonJT7UA root@ubuntu-bionic (RSA)
<14>Jan  3 00:06:36 ec2: -----END SSH HOST KEY FINGERPRINTS-----
<14>Jan  3 00:06:36 ec2: #############################################################
-----BEGIN SSH HOST KEY KEYS-----
ecdsa-sha2-nistp256 AAAAE2VjZHNhLXNoYTItbmlzdHAyNTYAAAAIbmlzdHAyNTYAAABBBGah7FtpT17Wd/8gt99zRMEVGt1d+S5YWomzeyu9cvSxlwNl1kAJ0ZdY/Erjppme/9b7sUcGnUgM/FAJt/zhCbA= root@ubuntu-bionic
ssh-ed25519 AAAAC3NzaC1lZDI1NTE5AAAAILQqLVGhc5tkidYe95kzYQ8nGqMt4sKORIHppgv0VXsv root@ubuntu-bionic
ssh-rsa AAAAB3NzaC1yc2EAAAADAQABAAABAQCiOJ7zyrPmcnY/B2f90jCtUDAAFzW6gQiSLwbIQkuL+Kn1n6rmEncugCygoZLuNnNE6t2ZqJKuBftgPOQZGBn/6hxFmTknOvSLj5Q4YkZjhDB1eKCa9t+XtAed5ZthnNZTIuw7tE4VZbNmwOam/01AhjKEoNZffUjrYt6cFwVE0CXi/PpAEi3fFHGU5ISY/0iXkQBaiGQp5TygmiqxGHu7WFKSgMFIdoC00TIxkokABPjylAzXz0Zk8rN3opn8QGdfG04d5j4q9bIraVQwhhxbZ41CmdohqoPh9pDHRSr8tChweoWWw5Vdjfw9OpgBKqOVIZJlO9/KQfcTt1m11ysJ root@ubuntu-bionic
-----END SSH HOST KEY KEYS-----
[   48.120641] cloud-init[1644]: Cloud-init v. 20.3-2-g371b392c-0ubuntu1~18.04.1 running 'modules:final' at Sun, 03 Jan 2021 00:06:35 +0000. Up 47.77 seconds.
[   48.121275] cloud-init[1644]: ci-info: no authorized SSH keys fingerprints found for user ubuntu.
[   48.121971] cloud-init[1644]: Cloud-init v. 20.3-2-g371b392c-0ubuntu1~18.04.1 finished at Sun, 03 Jan 2021 00:06:36 +0000. Datasource DataSourceNoCloud [seed=/dev/sdb][dsmode=net].  Up 48.10 seconds
